<?xml version="1.0" encoding="utf-8"?><testsuites><testsuite name="pytest" errors="0" failures="0" skipped="0" tests="319" time="6.607" timestamp="2026-04-18T18:53:45.546051+02:00" hostname="DESKTOP-5IG1NCT"><testcase classname="tests.compressors_tests.test_charls.TestJpegLSError" name="test_success_is_zero" file="tests\compressors_tests\test_charls.py" line="97" time="0.003" /><testcase classname="tests.compressors_tests.test_charls.TestJpegLSError" name="test_invalid_argument_is_nonzero" file="tests\compressors_tests\test_charls.py" line="100" time="0.002" /><testcase classname="tests.compressors_tests.test_charls.TestJpegLSError" name="test_destination_buffer_too_small" file="tests\compressors_tests\test_charls.py" line="103" time="0.001" /><testcase classname="tests.compressors_tests.test_charls.TestJpegLSError" name="test_source_buffer_too_small" file="tests\compressors_tests\test_charls.py" line="106" time="0.001" /><testcase classname="tests.compressors_tests.test_charls.TestJpegLSError" name="test_invalid_encoded_data" file="tests\compressors_tests\test_charls.py" line="109" time="0.001" /><testcase classname="tests.compressors_tests.test_charls.TestInterleaveMode" name="test_none_is_zero" file="tests\compressors_tests\test_charls.py" line="118" time="0.001" /><testcase classname="tests.compressors_tests.test_charls.TestInterleaveMode" name="test_line_is_one" file="tests\compressors_tests\test_charls.py" line="121" time="0.001" /><testcase classname="tests.compressors_tests.test_charls.TestInterleaveMode" name="test_sample_is_two" file="tests\compressors_tests\test_charls.py" line="124" time="0.002" /><testcase classname="tests.compressors_tests.test_charls.TestFrameInfo" name="test_can_be_created" file="tests\compressors_tests\test_charls.py" line="133" time="0.003" /><testcase classname="tests.compressors_tests.test_charls.TestFrameInfo" name="test_default_values_are_zero" file="tests\compressors_tests\test_charls.py" line="140" time="0.001" /><testcase classname="tests.compressors_tests.test_charls.TestCheckHelper" name="test_does_not_raise_on_success" file="tests\compressors_tests\test_charls.py" line="151" time="0.001" /><testcase classname="tests.compressors_tests.test_charls.TestCheckHelper" name="test_raises_charls_error_on_failure" file="tests\compressors_tests\test_charls.py" line="154" time="0.003" /><testcase classname="tests.compressors_tests.test_charls.TestCheckHelper" name="test_message_contains_error_code" file="tests\compressors_tests\test_charls.py" line="158" time="0.001" /><testcase classname="tests.compressors_tests.test_charls.TestLibraryName" name="test_returns_platform_specific_suffix" file="tests\compressors_tests\test_charls.py" line="168" time="0.120" /><testcase classname="tests.compressors_tests.test_charls.TestLibraryName" name="test_name_contains_charls" file="tests\compressors_tests\test_charls.py" line="181" time="0.001" /><testcase classname="tests.compressors_tests.test_charls.TestCharLSProperties" name="test_name" file="tests\compressors_tests\test_charls.py" line="190" time="0.001" /><testcase classname="tests.compressors_tests.test_charls.TestCharLSProperties" name="test_extension" file="tests\compressors_tests\test_charls.py" line="194" time="0.001" /><testcase classname="tests.compressors_tests.test_charls.TestCharLSValidateDependencies" name="test_raises_when_lib_dir_missing" file="tests\compressors_tests\test_charls.py" line="204" time="0.019" /><testcase classname="tests.compressors_tests.test_charls.TestCharLSValidateDependencies" name="test_raises_when_dll_missing" file="tests\compressors_tests\test_charls.py" line="218" time="0.006" /><testcase classname="tests.compressors_tests.test_charls.TestCharLSValidateDependencies" name="test_succeeds_when_all_present" file="tests\compressors_tests\test_charls.py" line="235" time="0.012" /><testcase classname="tests.compressors_tests.test_charls.TestCharLSEncode" name="test_raises_for_invalid_dtype" file="tests\compressors_tests\test_charls.py" line="272" time="0.005" /><testcase classname="tests.compressors_tests.test_charls.TestCharLSEncode" name="test_raises_charls_error_when_encoder_null" file="tests\compressors_tests\test_charls.py" line="277" time="0.007" /><testcase classname="tests.compressors_tests.test_charls.TestCharLSEncode" name="test_destroy_called_even_on_error" file="tests\compressors_tests\test_charls.py" line="285" time="0.004" /><testcase classname="tests.compressors_tests.test_charls.TestCharLSEncode" name="test_sets_interleave_mode_sample_for_rgb" file="tests\compressors_tests\test_charls.py" line="296" time="0.008" /><testcase classname="tests.compressors_tests.test_charls.TestCharLSEncode" name="test_does_not_set_interleave_mode_for_grayscale" file="tests\compressors_tests\test_charls.py" line="303" time="0.006" /><testcase classname="tests.compressors_tests.test_charls.TestCharLSEncode" name="test_sets_near_lossless_to_zero" file="tests\compressors_tests\test_charls.py" line="307" time="0.016" /><testcase classname="tests.compressors_tests.test_charls.TestCharLSEncode" name="test_uint16_sets_bpp_16" file="tests\compressors_tests\test_charls.py" line="313" time="0.008" /><testcase classname="tests.compressors_tests.test_charls.TestCharLSDecode" name="test_raises_charls_error_when_decoder_null" file="tests\compressors_tests\test_charls.py" line="346" time="0.005" /><testcase classname="tests.compressors_tests.test_charls.TestCharLSDecode" name="test_destroy_called_even_on_error" file="tests\compressors_tests\test_charls.py" line="354" time="0.008" /><testcase classname="tests.compressors_tests.test_charls.TestCharLSDecode" name="test_returns_uint16_array_for_bpp_16" file="tests\compressors_tests\test_charls.py" line="365" time="0.006" /><testcase classname="tests.compressors_tests.test_charls.TestCharLSDecode" name="test_returns_uint8_array_for_bpp_8" file="tests\compressors_tests\test_charls.py" line="381" time="0.006" /><testcase classname="tests.compressors_tests.test_charls.TestCharLSDecode" name="test_rgb_output_shape" file="tests\compressors_tests\test_charls.py" line="385" time="0.009" /><testcase classname="tests.compressors_tests.test_charls.TestCharLSCompress" name="test_failure_for_missing_input" file="tests\compressors_tests\test_charls.py" line="407" time="0.012" /><testcase classname="tests.compressors_tests.test_charls.TestCharLSCompress" name="test_success_with_stubbed_encode" file="tests\compressors_tests\test_charls.py" line="411" time="0.063" /><testcase classname="tests.compressors_tests.test_charls.TestCharLSCompress" name="test_failure_when_encode_raises" file="tests\compressors_tests\test_charls.py" line="424" time="0.009" /><testcase classname="tests.compressors_tests.test_charls.TestCharLSCompress" name="test_temp_decomp_file_cleaned_up" file="tests\compressors_tests\test_charls.py" line="435" time="0.015" /><testcase classname="tests.compressors_tests.test_charls.TestCharLSCompress" name="test_rgba_input_converted_to_rgb" file="tests\compressors_tests\test_charls.py" line="446" time="0.013" /><testcase classname="tests.compressors_tests.test_charls.TestCharLSDecompress" name="test_returns_float" file="tests\compressors_tests\test_charls.py" line="478" time="0.012" /><testcase classname="tests.compressors_tests.test_charls.TestCharLSDecompress" name="test_output_png_is_created" file="tests\compressors_tests\test_charls.py" line="489" time="0.014" /><testcase classname="tests.compressors_tests.test_charls.TestCharLSDecompress" name="test_decode_called_with_file_bytes" file="tests\compressors_tests\test_charls.py" line="500" time="0.011" /><testcase classname="tests.compressors_tests.test_cli_png_compressors.TestOptiPNGProperties" name="test_name" file="tests\compressors_tests\test_cli_png_compressors.py" line="122" time="0.013" /><testcase classname="tests.compressors_tests.test_cli_png_compressors.TestOptiPNGProperties" name="test_extension" file="tests\compressors_tests\test_cli_png_compressors.py" line="125" time="0.008" /><testcase classname="tests.compressors_tests.test_cli_png_compressors.TestOptiPNGValidateDependencies" name="test_raises_when_bin_dir_missing" file="tests\compressors_tests\test_cli_png_compressors.py" line="132" time="0.010" /><testcase classname="tests.compressors_tests.test_cli_png_compressors.TestOptiPNGValidateDependencies" name="test_succeeds_when_binary_exists" file="tests\compressors_tests\test_cli_png_compressors.py" line="147" time="0.010" /><testcase classname="tests.compressors_tests.test_cli_png_compressors.TestOptiPNGRunOptipng" name="test_level_maps_to_o_flag[CompressionLevel.FASTEST-0]" file="tests\compressors_tests\test_cli_png_compressors.py" line="171" time="0.009" /><testcase classname="tests.compressors_tests.test_cli_png_compressors.TestOptiPNGRunOptipng" name="test_level_maps_to_o_flag[CompressionLevel.BALANCED-4]" file="tests\compressors_tests\test_cli_png_compressors.py" line="171" time="0.008" /><testcase classname="tests.compressors_tests.test_cli_png_compressors.TestOptiPNGRunOptipng" name="test_level_maps_to_o_flag[CompressionLevel.BEST-7]" file="tests\compressors_tests\test_cli_png_compressors.py" line="171" time="0.007" /><testcase classname="tests.compressors_tests.test_cli_png_compressors.TestOptiPNGRunOptipng" name="test_compression_levels_are_monotonically_ordered" file="tests\compressors_tests\test_cli_png_compressors.py" line="183" time="0.011" /><testcase classname="tests.compressors_tests.test_cli_png_compressors.TestOptiPNGRunOptipng" name="test_command_does_not_contain_strip" file="tests\compressors_tests\test_cli_png_compressors.py" line="196" time="0.007" /><testcase classname="tests.compressors_tests.test_cli_png_compressors.TestOptiPNGRunOptipng" name="test_command_contains_quiet" file="tests\compressors_tests\test_cli_png_compressors.py" line="204" time="0.008" /><testcase classname="tests.compressors_tests.test_cli_png_compressors.TestOptiPNGRunOptipng" name="test_raises_runtime_error_on_nonzero_return_code" file="tests\compressors_tests\test_cli_png_compressors.py" line="211" time="0.007" /><testcase classname="tests.compressors_tests.test_cli_png_compressors.TestOptiPNGRunOptipng" name="test_command_contains_target_path" file="tests\compressors_tests\test_cli_png_compressors.py" line="216" time="0.008" /><testcase classname="tests.compressors_tests.test_cli_png_compressors.TestOptiPNGCompress" name="test_success" file="tests\compressors_tests\test_cli_png_compressors.py" line="228" time="0.013" /><testcase classname="tests.compressors_tests.test_cli_png_compressors.TestOptiPNGCompress" name="test_failure_on_subprocess_error" file="tests\compressors_tests\test_cli_png_compressors.py" line="242" time="0.012" /><testcase classname="tests.compressors_tests.test_cli_png_compressors.TestOptiPNGCompress" name="test_temp_decomp_file_cleaned_up" file="tests\compressors_tests\test_cli_png_compressors.py" line="253" time="0.011" /><testcase classname="tests.compressors_tests.test_cli_png_compressors.TestOptiPNGCompress" name="test_failure_for_missing_input" file="tests\compressors_tests\test_cli_png_compressors.py" line="264" time="0.008" /><testcase classname="tests.compressors_tests.test_cli_png_compressors.TestOptiPNGDecompress" name="test_returns_float" file="tests\compressors_tests\test_cli_png_compressors.py" line="272" time="0.013" /><testcase classname="tests.compressors_tests.test_cli_png_compressors.TestOxiPNGProperties" name="test_name" file="tests\compressors_tests\test_cli_png_compressors.py" line="289" time="0.015" /><testcase classname="tests.compressors_tests.test_cli_png_compressors.TestOxiPNGProperties" name="test_extension" file="tests\compressors_tests\test_cli_png_compressors.py" line="292" time="0.006" /><testcase classname="tests.compressors_tests.test_cli_png_compressors.TestOxiPNGRunOxipng" name="test_level_maps_to_o_flag[CompressionLevel.FASTEST-1]" file="tests\compressors_tests\test_cli_png_compressors.py" line="299" time="0.008" /><testcase classname="tests.compressors_tests.test_cli_png_compressors.TestOxiPNGRunOxipng" name="test_level_maps_to_o_flag[CompressionLevel.BALANCED-3]" file="tests\compressors_tests\test_cli_png_compressors.py" line="299" time="0.007" /><testcase classname="tests.compressors_tests.test_cli_png_compressors.TestOxiPNGRunOxipng" name="test_level_maps_to_o_flag[CompressionLevel.BEST-6]" file="tests\compressors_tests\test_cli_png_compressors.py" line="299" time="0.008" /><testcase classname="tests.compressors_tests.test_cli_png_compressors.TestOxiPNGRunOxipng" name="test_compression_levels_are_monotonically_ordered" file="tests\compressors_tests\test_cli_png_compressors.py" line="313" time="0.008" /><testcase classname="tests.compressors_tests.test_cli_png_compressors.TestOxiPNGRunOxipng" name="test_command_does_not_contain_strip" file="tests\compressors_tests\test_cli_png_compressors.py" line="326" time="0.006" /><testcase classname="tests.compressors_tests.test_cli_png_compressors.TestOxiPNGRunOxipng" name="test_command_contains_quiet" file="tests\compressors_tests\test_cli_png_compressors.py" line="334" time="0.011" /><testcase classname="tests.compressors_tests.test_cli_png_compressors.TestOxiPNGRunOxipng" name="test_command_contains_out_flag" file="tests\compressors_tests\test_cli_png_compressors.py" line="341" time="0.008" /><testcase classname="tests.compressors_tests.test_cli_png_compressors.TestOxiPNGRunOxipng" name="test_input_file_is_last_argument" file="tests\compressors_tests\test_cli_png_compressors.py" line="350" time="0.009" /><testcase classname="tests.compressors_tests.test_cli_png_compressors.TestOxiPNGRunOxipng" name="test_raises_runtime_error_on_failure" file="tests\compressors_tests\test_cli_png_compressors.py" line="361" time="0.009" /><testcase classname="tests.compressors_tests.test_cli_png_compressors.TestOxiPNGCompress" name="test_success" file="tests\compressors_tests\test_cli_png_compressors.py" line="370" time="0.027" /><testcase classname="tests.compressors_tests.test_cli_png_compressors.TestOxiPNGCompress" name="test_temp_input_file_cleaned_up" file="tests\compressors_tests\test_cli_png_compressors.py" line="389" time="0.031" /><testcase classname="tests.compressors_tests.test_cli_png_compressors.TestOxiPNGCompress" name="test_failure_on_subprocess_error" file="tests\compressors_tests\test_cli_png_compressors.py" line="405" time="0.015" /><testcase classname="tests.compressors_tests.test_cli_png_compressors.TestOxiPNGCompress" name="test_failure_for_missing_input" file="tests\compressors_tests\test_cli_png_compressors.py" line="416" time="0.008" /><testcase classname="tests.compressors_tests.test_cli_png_compressors.TestOxiPNGDecompress" name="test_returns_float" file="tests\compressors_tests\test_cli_png_compressors.py" line="424" time="0.019" /><testcase classname="tests.compressors_tests.test_pillow.TestPillowCompressorBase" name="test_name_contains_format" file="tests\compressors_tests\test_pillow.py" line="71" time="0.177" /><testcase classname="tests.compressors_tests.test_pillow.TestPillowCompressorBase" name="test_extension_correct_for_each_subclass" file="tests\compressors_tests\test_pillow.py" line="74" time="0.001" /><testcase classname="tests.compressors_tests.test_pillow.TestPillowCompressorBase" name="test_prepare_image_preserves_rgb" file="tests\compressors_tests\test_pillow.py" line="79" time="0.002" /><testcase classname="tests.compressors_tests.test_pillow.TestPillowCompressorBase" name="test_prepare_image_preserves_rgba" file="tests\compressors_tests\test_pillow.py" line="83" time="0.002" /><testcase classname="tests.compressors_tests.test_pillow.TestPillowCompressorBase" name="test_prepare_image_converts_palette_to_rgb" file="tests\compressors_tests\test_pillow.py" line="87" time="0.003" /><testcase classname="tests.compressors_tests.test_pillow.TestPillowCompressorBase" name="test_compress_returns_failure_metrics_on_error" file="tests\compressors_tests\test_pillow.py" line="91" time="0.004" /><testcase classname="tests.compressors_tests.test_pillow.TestPillowCompressorBase" name="test_compress_corrects_output_extension" file="tests\compressors_tests\test_pillow.py" line="101" time="0.008" /><testcase classname="tests.compressors_tests.test_pillow.TestPillowCompressorBase" name="test_compress_returns_correct_metrics" file="tests\compressors_tests\test_pillow.py" line="113" time="0.013" /><testcase classname="tests.compressors_tests.test_pillow.TestPillowCompressorBase" name="test_decompress_returns_float" file="tests\compressors_tests\test_pillow.py" line="129" time="0.010" /><testcase classname="tests.compressors_tests.test_pillow.TestPillowCompressorBase" name="test_temp_decomp_file_cleaned_up_on_success" file="tests\compressors_tests\test_pillow.py" line="141" time="0.014" /><testcase classname="tests.compressors_tests.test_pillow.TestPillowCompressorBase" name="test_temp_decomp_file_cleaned_up_on_decompress_error" file="tests\compressors_tests\test_pillow.py" line="151" time="0.011" /><testcase classname="tests.compressors_tests.test_pillow.TestPillowPNGCompressor" name="test_compression_params_fastest" file="tests\compressors_tests\test_pillow.py" line="170" time="0.001" /><testcase classname="tests.compressors_tests.test_pillow.TestPillowPNGCompressor" name="test_compression_params_balanced" file="tests\compressors_tests\test_pillow.py" line="175" time="0.001" /><testcase classname="tests.compressors_tests.test_pillow.TestPillowPNGCompressor" name="test_compression_params_best" file="tests\compressors_tests\test_pillow.py" line="180" time="0.001" /><testcase classname="tests.compressors_tests.test_pillow.TestPillowPNGCompressor" name="test_compress_level_increases_with_quality" file="tests\compressors_tests\test_pillow.py" line="185" time="0.002" /><testcase classname="tests.compressors_tests.test_pillow.TestPillowPNGCompressor" name="test_output_is_valid_png" file="tests\compressors_tests\test_pillow.py" line="192" time="0.012" /><testcase classname="tests.compressors_tests.test_pillow.TestPillowPNGCompressor" name="test_compress_rgba_preserves_transparency" file="tests\compressors_tests\test_pillow.py" line="203" time="0.009" /><testcase classname="tests.compressors_tests.test_pillow.TestPillowWebPCompressor" name="test_lossless_always_true" file="tests\compressors_tests\test_pillow.py" line="221" time="0.001" /><testcase classname="tests.compressors_tests.test_pillow.TestPillowWebPCompressor" name="test_method_within_valid_range" file="tests\compressors_tests\test_pillow.py" line="228" time="0.002" /><testcase classname="tests.compressors_tests.test_pillow.TestPillowWebPCompressor" name="test_quality_within_valid_range" file="tests\compressors_tests\test_pillow.py" line="233" time="0.004" /><testcase classname="tests.compressors_tests.test_pillow.TestPillowWebPCompressor" name="test_best_has_highest_quality" file="tests\compressors_tests\test_pillow.py" line="238" time="0.001" /><testcase classname="tests.compressors_tests.test_pillow.TestPillowWebPCompressor" name="test_prepare_image_preserves_rgba" file="tests\compressors_tests\test_pillow.py" line="245" time="0.001" /><testcase classname="tests.compressors_tests.test_pillow.TestPillowWebPCompressor" name="test_output_is_valid_webp" file="tests\compressors_tests\test_pillow.py" line="249" time="0.015" /><testcase classname="tests.compressors_tests.test_pillow.TestPillowTIFFCompressor" name="test_fastest_uses_packbits" file="tests\compressors_tests\test_pillow.py" line="267" time="0.001" /><testcase classname="tests.compressors_tests.test_pillow.TestPillowTIFFCompressor" name="test_balanced_uses_lzw" file="tests\compressors_tests\test_pillow.py" line="271" time="0.002" /><testcase classname="tests.compressors_tests.test_pillow.TestPillowTIFFCompressor" name="test_best_uses_tiff_deflate" file="tests\compressors_tests\test_pillow.py" line="275" time="0.002" /><testcase classname="tests.compressors_tests.test_pillow.TestPillowTIFFCompressor" name="test_unknown_level_falls_back_to_lzw" file="tests\compressors_tests\test_pillow.py" line="279" time="0.002" /><testcase classname="tests.compressors_tests.test_qoi_compressor.TestQOIValidateDependencies" name="test_raises_when_package_missing" file="tests\compressors_tests\test_qoi_compressor.py" line="63" time="0.008" /><testcase classname="tests.compressors_tests.test_qoi_compressor.TestQOIValidateDependencies" name="test_sets_self_qoi" file="tests\compressors_tests\test_qoi_compressor.py" line="77" time="0.008" /><testcase classname="tests.compressors_tests.test_qoi_compressor.TestQOIProperties" name="test_name" file="tests\compressors_tests\test_qoi_compressor.py" line="95" time="0.012" /><testcase classname="tests.compressors_tests.test_qoi_compressor.TestQOIProperties" name="test_extension" file="tests\compressors_tests\test_qoi_compressor.py" line="98" time="0.011" /><testcase classname="tests.compressors_tests.test_qoi_compressor.TestQOICompress" name="test_encode_called_with_uint8_array_of_correct_shape" file="tests\compressors_tests\test_qoi_compressor.py" line="107" time="0.019" /><testcase classname="tests.compressors_tests.test_qoi_compressor.TestQOICompress" name="test_encoded_bytes_written_to_output_file" file="tests\compressors_tests\test_qoi_compressor.py" line="120" time="0.021" /><testcase classname="tests.compressors_tests.test_qoi_compressor.TestQOICompress" name="test_success_metrics" file="tests\compressors_tests\test_qoi_compressor.py" line="130" time="0.019" /><testcase classname="tests.compressors_tests.test_qoi_compressor.TestQOICompress" name="test_palette_mode_converted_to_rgb" file="tests\compressors_tests\test_qoi_compressor.py" line="143" time="0.022" /><testcase classname="tests.compressors_tests.test_qoi_compressor.TestQOICompress" name="test_rgba_source_encodes_as_four_channel" file="tests\compressors_tests\test_qoi_compressor.py" line="156" time="0.020" /><testcase classname="tests.compressors_tests.test_qoi_compressor.TestQOICompress" name="test_failure_when_encode_raises" file="tests\compressors_tests\test_qoi_compressor.py" line="168" time="0.020" /><testcase classname="tests.compressors_tests.test_qoi_compressor.TestQOICompress" name="test_failure_for_missing_input" file="tests\compressors_tests\test_qoi_compressor.py" line="178" time="0.015" /><testcase classname="tests.compressors_tests.test_qoi_compressor.TestQOICompress" name="test_temp_file_cleaned_up_on_success" file="tests\compressors_tests\test_qoi_compressor.py" line="182" time="0.022" /><testcase classname="tests.compressors_tests.test_qoi_compressor.TestQOICompress" name="test_temp_file_cleaned_up_on_decompress_error" file="tests\compressors_tests\test_qoi_compressor.py" line="191" time="0.023" /><testcase classname="tests.compressors_tests.test_qoi_compressor.TestQOICompress" name="test_zero_compressed_size_yields_zero_ratio_without_exception" file="tests\compressors_tests\test_qoi_compressor.py" line="201" time="0.022" /><testcase classname="tests.compressors_tests.test_qoi_compressor.TestQOIDecompress" name="test_decode_called_with_file_bytes" file="tests\compressors_tests\test_qoi_compressor.py" line="218" time="0.022" /><testcase classname="tests.compressors_tests.test_qoi_compressor.TestQOIDecompress" name="test_returns_float" file="tests\compressors_tests\test_qoi_compressor.py" line="227" time="0.023" /><testcase classname="tests.compressors_tests.test_qoi_compressor.TestQOIDecompress" name="test_output_png_created_and_valid" file="tests\compressors_tests\test_qoi_compressor.py" line="236" time="0.021" /><testcase classname="tests.compressors_tests.test_webp_compressor.TestWebPProperties" name="test_name" file="tests\compressors_tests\test_webp_compressor.py" line="92" time="0.009" /><testcase classname="tests.compressors_tests.test_webp_compressor.TestWebPProperties" name="test_extension" file="tests\compressors_tests\test_webp_compressor.py" line="95" time="0.011" /><testcase classname="tests.compressors_tests.test_webp_compressor.TestWebPValidateDependencies" name="test_raises_when_bin_dir_missing" file="tests\compressors_tests\test_webp_compressor.py" line="106" time="0.011" /><testcase classname="tests.compressors_tests.test_webp_compressor.TestWebPValidateDependencies" name="test_raises_when_cwebp_missing" file="tests\compressors_tests\test_webp_compressor.py" line="118" time="0.008" /><testcase classname="tests.compressors_tests.test_webp_compressor.TestWebPValidateDependencies" name="test_raises_when_dwebp_missing" file="tests\compressors_tests\test_webp_compressor.py" line="134" time="0.007" /><testcase classname="tests.compressors_tests.test_webp_compressor.TestWebPRunCwebp" name="test_z_flag_for_level[CompressionLevel.FASTEST-0]" file="tests\compressors_tests\test_webp_compressor.py" line="156" time="0.009" /><testcase classname="tests.compressors_tests.test_webp_compressor.TestWebPRunCwebp" name="test_z_flag_for_level[CompressionLevel.BALANCED-6]" file="tests\compressors_tests\test_webp_compressor.py" line="156" time="0.013" /><testcase classname="tests.compressors_tests.test_webp_compressor.TestWebPRunCwebp" name="test_z_flag_for_level[CompressionLevel.BEST-9]" file="tests\compressors_tests\test_webp_compressor.py" line="156" time="0.010" /><testcase classname="tests.compressors_tests.test_webp_compressor.TestWebPRunCwebp" name="test_z_levels_are_monotonically_ordered" file="tests\compressors_tests\test_webp_compressor.py" line="168" time="0.010" /><testcase classname="tests.compressors_tests.test_webp_compressor.TestWebPRunCwebp" name="test_command_contains_lossless_flag" file="tests\compressors_tests\test_webp_compressor.py" line="179" time="0.010" /><testcase classname="tests.compressors_tests.test_webp_compressor.TestWebPRunCwebp" name="test_command_contains_exact_flag" file="tests\compressors_tests\test_webp_compressor.py" line="184" time="0.011" /><testcase classname="tests.compressors_tests.test_webp_compressor.TestWebPRunCwebp" name="test_command_contains_alpha_q_100" file="tests\compressors_tests\test_webp_compressor.py" line="189" time="0.010" /><testcase classname="tests.compressors_tests.test_webp_compressor.TestWebPRunCwebp" name="test_command_contains_output_flag" file="tests\compressors_tests\test_webp_compressor.py" line="197" time="0.041" /><testcase classname="tests.compressors_tests.test_webp_compressor.TestWebPRunCwebp" name="test_raises_runtime_error_on_nonzero_return_code" file="tests\compressors_tests\test_webp_compressor.py" line="205" time="0.024" /><testcase classname="tests.compressors_tests.test_webp_compressor.TestWebPRunCwebp" name="test_balanced_and_best_use_q_100" file="tests\compressors_tests\test_webp_compressor.py" line="210" time="0.022" /><testcase classname="tests.compressors_tests.test_webp_compressor.TestWebPRunCwebp" name="test_m_flag_within_valid_range" file="tests\compressors_tests\test_webp_compressor.py" line="217" time="0.028" /><testcase classname="tests.compressors_tests.test_webp_compressor.TestWebPCompress" name="test_success" file="tests\compressors_tests\test_webp_compressor.py" line="230" time="0.036" /><testcase classname="tests.compressors_tests.test_webp_compressor.TestWebPCompress" name="test_failure_on_cwebp_error" file="tests\compressors_tests\test_webp_compressor.py" line="246" time="0.035" /><testcase classname="tests.compressors_tests.test_webp_compressor.TestWebPCompress" name="test_failure_for_missing_input" file="tests\compressors_tests\test_webp_compressor.py" line="256" time="0.025" /><testcase classname="tests.compressors_tests.test_webp_compressor.TestWebPCompress" name="test_temp_decomp_file_cleaned_up" file="tests\compressors_tests\test_webp_compressor.py" line="260" time="0.025" /><testcase classname="tests.compressors_tests.test_webp_compressor.TestWebPDecompress" name="test_dwebp_binary_is_invoked" file="tests\compressors_tests\test_webp_compressor.py" line="282" time="0.028" /><testcase classname="tests.compressors_tests.test_webp_compressor.TestWebPDecompress" name="test_returns_float" file="tests\compressors_tests\test_webp_compressor.py" line="296" time="0.041" /><testcase classname="tests.compressors_tests.test_webp_compressor.TestWebPDecompress" name="test_raises_on_dwebp_error" file="tests\compressors_tests\test_webp_compressor.py" line="311" time="0.033" /><testcase classname="tests.core_tests.test_benchmark_shared.TestExportResultsJson" name="test_returns_list_of_paths" file="tests\core_tests\test_benchmark_shared.py" line="134" time="0.062" /><testcase classname="tests.core_tests.test_benchmark_shared.TestExportResultsJson" name="test_created_file_is_valid_json" file="tests\core_tests\test_benchmark_shared.py" line="140" time="0.039" /><testcase classname="tests.core_tests.test_benchmark_shared.TestExportResultsJson" name="test_output_file_ends_with_json" file="tests\core_tests\test_benchmark_shared.py" line="144" time="0.050" /><testcase classname="tests.core_tests.test_benchmark_shared.TestExportResultsJson" name="test_output_file_exists_on_disk" file="tests\core_tests\test_benchmark_shared.py" line="148" time="0.032" /><testcase classname="tests.core_tests.test_benchmark_shared.TestExportResultsJson" name="test_contains_benchmark_info_section" file="tests\core_tests\test_benchmark_shared.py" line="154" time="0.036" /><testcase classname="tests.core_tests.test_benchmark_shared.TestExportResultsJson" name="test_contains_benchmark_config_section" file="tests\core_tests\test_benchmark_shared.py" line="158" time="0.091" /><testcase classname="tests.core_tests.test_benchmark_shared.TestExportResultsJson" name="test_contains_summary_section" file="tests\core_tests\test_benchmark_shared.py" line="162" time="0.028" /><testcase classname="tests.core_tests.test_benchmark_shared.TestExportResultsJson" name="test_contains_results_section" file="tests\core_tests\test_benchmark_shared.py" line="166" time="0.022" /><testcase classname="tests.core_tests.test_benchmark_shared.TestExportResultsJson" name="test_contains_verification_section" file="tests\core_tests\test_benchmark_shared.py" line="170" time="0.038" /><testcase classname="tests.core_tests.test_benchmark_shared.TestExportResultsJson" name="test_contains_scenarios_section" file="tests\core_tests\test_benchmark_shared.py" line="174" time="0.018" /><testcase classname="tests.core_tests.test_benchmark_shared.TestExportResultsJson" name="test_section_order_matches_code" file="tests\core_tests\test_benchmark_shared.py" line="180" time="0.017" /><testcase classname="tests.core_tests.test_benchmark_shared.TestExportResultsJson" name="test_benchmark_config_embeds_num_iterations" file="tests\core_tests\test_benchmark_shared.py" line="199" time="0.019" /><testcase classname="tests.core_tests.test_benchmark_shared.TestExportResultsJson" name="test_benchmark_config_embeds_compressor_names" file="tests\core_tests\test_benchmark_shared.py" line="203" time="0.017" /><testcase classname="tests.core_tests.test_benchmark_shared.TestExportResultsJson" name="test_benchmark_config_embeds_verify_flag" file="tests\core_tests\test_benchmark_shared.py" line="207" time="0.020" /><testcase classname="tests.core_tests.test_benchmark_shared.TestExportResultsJson" name="test_benchmark_config_embeds_strip_flag" file="tests\core_tests\test_benchmark_shared.py" line="211" time="0.027" /><testcase classname="tests.core_tests.test_benchmark_shared.TestExportResultsJson" name="test_summary_total_images_matches_result_count" file="tests\core_tests\test_benchmark_shared.py" line="217" time="0.020" /><testcase classname="tests.core_tests.test_benchmark_shared.TestExportResultsJson" name="test_summary_successful_count_excludes_failures" file="tests\core_tests\test_benchmark_shared.py" line="225" time="0.023" /><testcase classname="tests.core_tests.test_benchmark_shared.TestExportResultsJson" name="test_results_list_length_matches_input" file="tests\core_tests\test_benchmark_shared.py" line="236" time="0.020" /><testcase classname="tests.core_tests.test_benchmark_shared.TestExportResultsJson" name="test_results_entry_contains_compression_block" file="tests\core_tests\test_benchmark_shared.py" line="244" time="0.019" /><testcase classname="tests.core_tests.test_benchmark_shared.TestExportResultsJson" name="test_results_entry_has_correct_format_name" file="tests\core_tests\test_benchmark_shared.py" line="248" time="0.019" /><testcase classname="tests.core_tests.test_benchmark_shared.TestExportResultsJson" name="test_one_file_per_compression_level" file="tests\core_tests\test_benchmark_shared.py" line="255" time="0.011" /><testcase classname="tests.core_tests.test_benchmark_shared.TestExportResultsJson" name="test_verification_data_embedded_in_json" file="tests\core_tests\test_benchmark_shared.py" line="276" time="0.020" /><testcase classname="tests.core_tests.test_benchmark_shared.TestExportResultsJson" name="test_fallback_filename_used_when_primary_write_fails" file="tests\core_tests\test_benchmark_shared.py" line="293" time="0.012" /><testcase classname="tests.core_tests.test_benchmark_shared.TestBenchmarkRunnerRunExtra" name="test_run_with_multiple_iterations_returns_one_averaged_result" file="tests\core_tests\test_benchmark_shared.py" line="333" time="0.014" /><testcase classname="tests.core_tests.test_benchmark_shared.TestBenchmarkRunnerRunExtra" name="test_run_calls_compress_num_iterations_times" file="tests\core_tests\test_benchmark_shared.py" line="359" time="0.015" /><testcase classname="tests.core_tests.test_benchmark_shared.TestBenchmarkRunnerRunExtra" name="test_run_with_two_compressors_returns_two_results" file="tests\core_tests\test_benchmark_shared.py" line="385" time="0.015" /><testcase classname="tests.core_tests.test_benchmark_shared.TestBenchmarkRunnerRunExtra" name="test_run_with_two_images_returns_two_results" file="tests\core_tests\test_benchmark_shared.py" line="413" time="0.014" /><testcase classname="tests.core_tests.test_benchmark_shared.TestBenchmarkRunnerRunExtra" name="test_averaged_result_compression_time_is_mean" file="tests\core_tests\test_benchmark_shared.py" line="437" time="0.014" /><testcase classname="tests.core_tests.test_main.TestCompressionMetricsProperties" name="test_space_saving_percent_normal" file="tests\core_tests\test_main.py" line="100" time="0.002" /><testcase classname="tests.core_tests.test_main.TestCompressionMetricsProperties" name="test_space_saving_percent_zero_original" file="tests\core_tests\test_main.py" line="104" time="0.003" /><testcase classname="tests.core_tests.test_main.TestCompressionMetricsProperties" name="test_space_saving_percent_no_saving" file="tests\core_tests\test_main.py" line="108" time="0.002" /><testcase classname="tests.core_tests.test_main.TestCompressionMetricsProperties" name="test_compression_speed_mbps" file="tests\core_tests\test_main.py" line="113" time="0.001" /><testcase classname="tests.core_tests.test_main.TestCompressionMetricsProperties" name="test_compression_speed_mbps_zero_time" file="tests\core_tests\test_main.py" line="118" time="0.001" /><testcase classname="tests.core_tests.test_main.TestCompressionMetricsProperties" name="test_decompression_speed_mbps" file="tests\core_tests\test_main.py" line="122" time="0.002" /><testcase classname="tests.core_tests.test_main.TestCompressionMetricsProperties" name="test_decompression_speed_mbps_zero_time" file="tests\core_tests\test_main.py" line="127" time="0.002" /><testcase classname="tests.core_tests.test_main.TestCompressionMetricsProperties" name="test_space_saving_percent_expansion" file="tests\core_tests\test_main.py" line="131" time="0.001" /><testcase classname="tests.core_tests.test_main.TestCompressionMetricsFields" name="test_success_true" file="tests\core_tests\test_main.py" line="142" time="0.002" /><testcase classname="tests.core_tests.test_main.TestCompressionMetricsFields" name="test_success_false_with_message" file="tests\core_tests\test_main.py" line="145" time="0.001" /><testcase classname="tests.core_tests.test_main.TestCompressionMetricsFields" name="test_error_message_defaults_to_none" file="tests\core_tests\test_main.py" line="150" time="0.002" /><testcase classname="tests.core_tests.test_main.TestBenchmarkResult" name="test_basic_construction" file="tests\core_tests\test_main.py" line="159" time="0.007" /><testcase classname="tests.core_tests.test_main.TestBenchmarkResult" name="test_metadata_defaults_to_empty_dict" file="tests\core_tests\test_main.py" line="168" time="0.005" /><testcase classname="tests.core_tests.test_main.TestBenchmarkResult" name="test_system_metrics_defaults_to_none" file="tests\core_tests\test_main.py" line="176" time="0.007" /><testcase classname="tests.core_tests.test_main.TestBenchmarkResult" name="test_source_file_size_defaults_to_zero" file="tests\core_tests\test_main.py" line="184" time="0.006" /><testcase classname="tests.core_tests.test_main.TestBenchmarkResult" name="test_metadata_stored" file="tests\core_tests\test_main.py" line="192" time="0.007" /><testcase classname="tests.core_tests.test_main.TestCompressionLevel" name="test_fastest_value" file="tests\core_tests\test_main.py" line="207" time="0.001" /><testcase classname="tests.core_tests.test_main.TestCompressionLevel" name="test_balanced_value" file="tests\core_tests\test_main.py" line="210" time="0.002" /><testcase classname="tests.core_tests.test_main.TestCompressionLevel" name="test_best_value" file="tests\core_tests\test_main.py" line="213" time="0.002" /><testcase classname="tests.core_tests.test_main.TestCompressionLevel" name="test_levels_are_monotonically_ordered" file="tests\core_tests\test_main.py" line="216" time="0.001" /><testcase classname="tests.core_tests.test_main.TestCompressionLevel" name="test_all_three_levels_exist" file="tests\core_tests\test_main.py" line="223" time="0.001" /><testcase classname="tests.core_tests.test_main.TestCompressorFactoryRegisterAndCreate" name="test_register_and_list" file="tests\core_tests\test_main.py" line="243" time="0.002" /><testcase classname="tests.core_tests.test_main.TestCompressorFactoryRegisterAndCreate" name="test_create_returns_correct_instance" file="tests\core_tests\test_main.py" line="248" time="0.001" /><testcase classname="tests.core_tests.test_main.TestCompressorFactoryRegisterAndCreate" name="test_create_raises_for_unknown_key" file="tests\core_tests\test_main.py" line="254" time="0.002" /><testcase classname="tests.core_tests.test_main.TestCompressorFactoryRegisterAndCreate" name="test_list_available_returns_list_of_strings" file="tests\core_tests\test_main.py" line="258" time="0.002" /><testcase classname="tests.core_tests.test_main.TestCompressorFactoryRegisterAndCreate" name="test_register_overwrites_existing_key" file="tests\core_tests\test_main.py" line="265" time="0.002" /><testcase classname="tests.core_tests.test_main.TestCompressorFactoryRegisterAndCreate" name="test_create_with_lib_path_forwarded" file="tests\core_tests\test_main.py" line="273" time="0.006" /><testcase classname="tests.core_tests.test_main.TestCompressorFactoryGetByExtension" name="test_returns_correct_class" file="tests\core_tests\test_main.py" line="310" time="0.004" /><testcase classname="tests.core_tests.test_main.TestCompressorFactoryGetByExtension" name="test_returns_none_for_unknown_extension" file="tests\core_tests\test_main.py" line="316" time="0.001" /><testcase classname="tests.core_tests.test_main.TestCompressorFactoryGetByExtension" name="test_skips_class_whose_init_raises" file="tests\core_tests\test_main.py" line="320" time="0.002" /><testcase classname="tests.core_tests.test_main.TestImageCompressorAbstractContract" name="test_cannot_instantiate_directly" file="tests\core_tests\test_main.py" line="347" time="0.002" /><testcase classname="tests.core_tests.test_main.TestImageCompressorAbstractContract" name="test_concrete_subclass_is_instantiable" file="tests\core_tests\test_main.py" line="351" time="0.001" /><testcase classname="tests.core_tests.test_main.TestImageCompressorAbstractContract" name="test_get_info_returns_dict_with_required_keys" file="tests\core_tests\test_main.py" line="356" time="0.002" /><testcase classname="tests.core_tests.test_main.TestImageCompressorAbstractContract" name="test_get_info_name_matches_property" file="tests\core_tests\test_main.py" line="364" time="0.001" /><testcase classname="tests.core_tests.test_main.TestImageCompressorAbstractContract" name="test_get_info_extension_matches_property" file="tests\core_tests\test_main.py" line="369" time="0.001" /><testcase classname="tests.core_tests.test_main.TestImageCompressorAbstractContract" name="test_get_info_lib_path_none_when_not_set" file="tests\core_tests\test_main.py" line="374" time="0.003" /><testcase classname="tests.core_tests.test_main.TestImageCompressorAbstractContract" name="test_validate_dependencies_called_on_init" file="tests\core_tests\test_main.py" line="379" time="0.001" /><testcase classname="tests.core_tests.test_main.TestImageCompressorAbstractContract" name="test_missing_compress_raises_type_error" file="tests\core_tests\test_main.py" line="399" time="0.001" /><testcase classname="tests.core_tests.test_main.TestPluginLoader" name="test_creates_directory_if_missing" file="tests\core_tests\test_main.py" line="420" time="0.006" /><testcase classname="tests.core_tests.test_main.TestPluginLoader" name="test_loads_valid_plugin_file" file="tests\core_tests\test_main.py" line="425" time="0.022" /><testcase classname="tests.core_tests.test_main.TestPluginLoader" name="test_ignores_non_compressor_files" file="tests\core_tests\test_main.py" line="439" time="0.007" /><testcase classname="tests.core_tests.test_main.TestPluginLoader" name="test_bad_plugin_does_not_prevent_others_loading" file="tests\core_tests\test_main.py" line="445" time="0.037" /><testcase classname="tests.core_tests.test_main.TestPluginLoader" name="test_empty_directory_is_noop" file="tests\core_tests\test_main.py" line="461" time="0.005" /><testcase classname="tests.core_tests.test_main.TestPluginLoader" name="test_plugins_loaded_in_sorted_order" file="tests\core_tests\test_main.py" line="465" time="0.024" /><testcase classname="tests.utils_tests.test_cpu_affinity.TestIsolationConfig" name="test_defaults_disabled" file="tests\utils_tests\test_cpu_affinity.py" line="21" time="0.001" /><testcase classname="tests.utils_tests.test_cpu_affinity.TestIsolationConfig" name="test_high_priority_enables" file="tests\utils_tests\test_cpu_affinity.py" line="27" time="0.001" /><testcase classname="tests.utils_tests.test_cpu_affinity.TestIsolationConfig" name="test_cpu_core_enables" file="tests\utils_tests\test_cpu_affinity.py" line="31" time="0.001" /><testcase classname="tests.utils_tests.test_cpu_affinity.TestIsolationConfig" name="test_both_enables" file="tests\utils_tests\test_cpu_affinity.py" line="35" time="0.002" /><testcase classname="tests.utils_tests.test_cpu_affinity.TestIsolationState" name="test_pinned_core_count_empty" file="tests\utils_tests\test_cpu_affinity.py" line="45" time="0.002" /><testcase classname="tests.utils_tests.test_cpu_affinity.TestIsolationState" name="test_pinned_core_count_filled" file="tests\utils_tests\test_cpu_affinity.py" line="49" time="0.001" /><testcase classname="tests.utils_tests.test_cpu_affinity.TestIsolationState" name="test_isolation_notes_default_empty" file="tests\utils_tests\test_cpu_affinity.py" line="53" time="0.003" /><testcase classname="tests.utils_tests.test_cpu_affinity.TestIsolationState" name="test_isolated_default_false" file="tests\utils_tests\test_cpu_affinity.py" line="57" time="0.001" /><testcase classname="tests.utils_tests.test_cpu_affinity.TestProcessIsolatorDisabled" name="test_disabled_config_is_noop" file="tests\utils_tests\test_cpu_affinity.py" line="86" time="0.003" /><testcase classname="tests.utils_tests.test_cpu_affinity.TestProcessIsolatorDisabled" name="test_restore_when_not_isolated_returns_true" file="tests\utils_tests\test_cpu_affinity.py" line="95" time="0.002" /><testcase classname="tests.utils_tests.test_cpu_affinity.TestProcessIsolatorIsolate" name="test_affinity_set_when_core_available" file="tests\utils_tests\test_cpu_affinity.py" line="106" time="0.083" /><testcase classname="tests.utils_tests.test_cpu_affinity.TestProcessIsolatorIsolate" name="test_affinity_skipped_when_core_unavailable" file="tests\utils_tests\test_cpu_affinity.py" line="120" time="0.080" /><testcase classname="tests.utils_tests.test_cpu_affinity.TestProcessIsolatorIsolate" name="test_high_priority_sets_nice" file="tests\utils_tests\test_cpu_affinity.py" line="134" time="0.083" /><testcase classname="tests.utils_tests.test_cpu_affinity.TestProcessIsolatorIsolate" name="test_high_priority_failure_handled_gracefully" file="tests\utils_tests\test_cpu_affinity.py" line="148" time="0.080" /><testcase classname="tests.utils_tests.test_cpu_affinity.TestProcessIsolatorRestore" name="test_restore_resets_affinity_and_priority" file="tests\utils_tests\test_cpu_affinity.py" line="172" time="0.080" /><testcase classname="tests.utils_tests.test_cpu_affinity.TestProcessIsolatorRestore" name="test_restore_returns_false_on_affinity_error" file="tests\utils_tests\test_cpu_affinity.py" line="189" time="0.080" /><testcase classname="tests.utils_tests.test_cpu_affinity.TestGetAvailableCores" name="test_returns_list_of_ints" file="tests\utils_tests\test_cpu_affinity.py" line="210" time="0.001" /><testcase classname="tests.utils_tests.test_cpu_affinity.TestGetAvailableCores" name="test_fallback_when_affinity_unavailable" file="tests\utils_tests\test_cpu_affinity.py" line="216" time="0.002" /><testcase classname="tests.utils_tests.test_image_size_calculator.TestImageInfo" name="test_resolution_is_width_times_height" file="tests\utils_tests\test_image_size_calculator.py" line="56" time="0.001" /><testcase classname="tests.utils_tests.test_image_size_calculator.TestImageInfo" name="test_megapixels_correct" file="tests\utils_tests\test_image_size_calculator.py" line="60" time="0.005" /><testcase classname="tests.utils_tests.test_image_size_calculator.TestImageInfo" name="test_megapixels_small_image" file="tests\utils_tests\test_image_size_calculator.py" line="64" time="0.001" /><testcase classname="tests.utils_tests.test_image_size_calculator.TestGetImageInfo" name="test_rgb_4x4_correct_size" file="tests\utils_tests\test_image_size_calculator.py" line="74" time="0.014" /><testcase classname="tests.utils_tests.test_image_size_calculator.TestGetImageInfo" name="test_rgba_4x4_correct_size" file="tests\utils_tests\test_image_size_calculator.py" line="83" time="0.014" /><testcase classname="tests.utils_tests.test_image_size_calculator.TestGetImageInfo" name="test_grayscale_l_mode" file="tests\utils_tests\test_image_size_calculator.py" line="91" time="0.012" /><testcase classname="tests.utils_tests.test_image_size_calculator.TestGetImageInfo" name="test_returns_correct_width_and_height" file="tests\utils_tests\test_image_size_calculator.py" line="99" time="0.010" /><testcase classname="tests.utils_tests.test_image_size_calculator.TestGetImageInfo" name="test_returns_correct_mode_string" file="tests\utils_tests\test_image_size_calculator.py" line="105" time="0.011" /><testcase classname="tests.utils_tests.test_image_size_calculator.TestGetImageInfo" name="test_file_size_bytes_matches_actual_file" file="tests\utils_tests\test_image_size_calculator.py" line="110" time="0.010" /><testcase classname="tests.utils_tests.test_image_size_calculator.TestGetImageInfo" name="test_returns_none_for_missing_file" file="tests\utils_tests\test_image_size_calculator.py" line="115" time="0.006" /><testcase classname="tests.utils_tests.test_image_size_calculator.TestGetImageInfo" name="test_returns_none_for_corrupt_file" file="tests\utils_tests\test_image_size_calculator.py" line="120" time="0.008" /><testcase classname="tests.utils_tests.test_image_size_calculator.TestGetImageInfo" name="test_palette_mode_treated_as_one_channel" file="tests\utils_tests\test_image_size_calculator.py" line="126" time="0.010" /><testcase classname="tests.utils_tests.test_image_size_calculator.TestGetImageInfo" name="test_bits_per_pixel_is_channels_times_bits_per_channel" file="tests\utils_tests\test_image_size_calculator.py" line="135" time="0.010" /><testcase classname="tests.utils_tests.test_image_size_calculator.TestGetImageInfo" name="test_uncompressed_size_equals_width_times_height_times_bytes_per_pixel" file="tests\utils_tests\test_image_size_calculator.py" line="140" time="0.010" /><testcase classname="tests.utils_tests.test_image_size_calculator.TestCalculateUncompressedSize" name="test_returns_positive_int_for_valid_file" file="tests\utils_tests\test_image_size_calculator.py" line="153" time="0.008" /><testcase classname="tests.utils_tests.test_image_size_calculator.TestCalculateUncompressedSize" name="test_returns_correct_value_for_rgb" file="tests\utils_tests\test_image_size_calculator.py" line="159" time="0.011" /><testcase classname="tests.utils_tests.test_image_size_calculator.TestCalculateUncompressedSize" name="test_returns_correct_value_for_rgba" file="tests\utils_tests\test_image_size_calculator.py" line="164" time="0.012" /><testcase classname="tests.utils_tests.test_image_size_calculator.TestCalculateUncompressedSize" name="test_fallback_to_file_size_when_info_is_none" file="tests\utils_tests\test_image_size_calculator.py" line="169" time="0.008" /><testcase classname="tests.utils_tests.test_image_size_calculator.TestCalculateUncompressedSize" name="test_rgba_is_larger_than_rgb_for_same_dimensions" file="tests\utils_tests\test_image_size_calculator.py" line="179" time="0.012" /><testcase classname="tests.utils_tests.test_image_size_calculator.TestGetCompressionBaseline" name="test_returns_dict_with_required_keys" file="tests\utils_tests\test_image_size_calculator.py" line="195" time="0.011" /><testcase classname="tests.utils_tests.test_image_size_calculator.TestGetCompressionBaseline" name="test_baseline_ratio_is_positive_for_valid_image" file="tests\utils_tests\test_image_size_calculator.py" line="201" time="0.012" /><testcase classname="tests.utils_tests.test_image_size_calculator.TestGetCompressionBaseline" name="test_format_matches_file_suffix" file="tests\utils_tests\test_image_size_calculator.py" line="206" time="0.009" /><testcase classname="tests.utils_tests.test_image_size_calculator.TestGetCompressionBaseline" name="test_width_and_height_present_for_valid_image" file="tests\utils_tests\test_image_size_calculator.py" line="211" time="0.010" /><testcase classname="tests.utils_tests.test_image_size_calculator.TestGetCompressionBaseline" name="test_returns_zero_ratio_for_missing_file" file="tests\utils_tests\test_image_size_calculator.py" line="217" time="0.009" /><testcase classname="tests.utils_tests.test_subprocess_utils.TestGetCurrentAffinityMask" name="test_returns_nonzero_int_or_none" file="tests\utils_tests\test_subprocess_utils.py" line="16" time="0.002" /><testcase classname="tests.utils_tests.test_subprocess_utils.TestGetCurrentAffinityMask" name="test_returns_none_when_psutil_raises" file="tests\utils_tests\test_subprocess_utils.py" line="21" time="0.003" /><testcase classname="tests.utils_tests.test_subprocess_utils.TestGetCurrentAffinityMask" name="test_mask_bits_match_core_list" file="tests\utils_tests\test_subprocess_utils.py" line="26" time="0.002" /><testcase classname="tests.utils_tests.test_subprocess_utils.TestRunWithAffinityWindows" name="test_echo_command_succeeds" file="tests\utils_tests\test_subprocess_utils.py" line="42" time="0.066" /><testcase classname="tests.utils_tests.test_subprocess_utils.TestRunWithAffinityWindows" name="test_invalid_command_raises" file="tests\utils_tests\test_subprocess_utils.py" line="51" time="0.004" /><testcase classname="tests.utils_tests.test_subprocess_utils.TestRunWithAffinityWindowsMocked" name="test_affinity_is_applied_and_result_returned" file="tests\utils_tests\test_subprocess_utils.py" line="64" time="0.003" /><testcase classname="tests.utils_tests.test_subprocess_utils.TestRunWithAffinityWindowsMocked" name="test_falls_back_to_subprocess_run_when_mask_unknown" file="tests\utils_tests\test_subprocess_utils.py" line="81" time="0.004" /><testcase classname="tests.utils_tests.test_subprocess_utils.TestRunWithAffinityWindowsMocked" name="test_explicit_affinity_mask_overrides_auto_detect" file="tests\utils_tests\test_subprocess_utils.py" line="94" time="0.003" /><testcase classname="tests.utils_tests.test_subprocess_utils.TestRunWithAffinityWindowsMocked" name="test_check_raises_on_nonzero_returncode" file="tests\utils_tests\test_subprocess_utils.py" line="109" time="0.003" /><testcase classname="tests.utils_tests.test_system_metrics.TestSystemMetrics" name="test_io_total_mb" file="tests\utils_tests\test_system_metrics.py" line="85" time="0.002" /><testcase classname="tests.utils_tests.test_system_metrics.TestSystemMetrics" name="test_net_peak_ram_mb" file="tests\utils_tests\test_system_metrics.py" line="89" time="0.003" /><testcase classname="tests.utils_tests.test_system_metrics.TestSystemMetrics" name="test_net_peak_ram_mb_clamps_to_zero_when_baseline_exceeds_peak" file="tests\utils_tests\test_system_metrics.py" line="93" time="0.001" /><testcase classname="tests.utils_tests.test_system_metrics.TestSystemMetrics" name="test_net_avg_ram_mb" file="tests\utils_tests\test_system_metrics.py" line="97" time="0.001" /><testcase classname="tests.utils_tests.test_system_metrics.TestSystemMetrics" name="test_cpu_percent_normalized_basic" file="tests\utils_tests\test_system_metrics.py" line="101" time="0.003" /><testcase classname="tests.utils_tests.test_system_metrics.TestSystemMetrics" name="test_cpu_percent_normalized_clamps_to_100" file="tests\utils_tests\test_system_metrics.py" line="106" time="0.001" /><testcase classname="tests.utils_tests.test_system_metrics.TestSystemMetrics" name="test_cpu_percent_normalized_returns_zero_for_zero_cores" file="tests\utils_tests\test_system_metrics.py" line="111" time="0.003" /><testcase classname="tests.utils_tests.test_system_metrics.TestSystemMetrics" name="test_peak_cpu_percent_normalized" file="tests\utils_tests\test_system_metrics.py" line="115" time="0.002" /><testcase classname="tests.utils_tests.test_system_metrics.TestSystemMetrics" name="test_ram_efficiency_mb_per_sec" file="tests\utils_tests\test_system_metrics.py" line="119" time="0.001" /><testcase classname="tests.utils_tests.test_system_metrics.TestSystemMetrics" name="test_ram_efficiency_returns_zero_for_zero_duration" file="tests\utils_tests\test_system_metrics.py" line="123" time="0.001" /><testcase classname="tests.utils_tests.test_system_metrics.TestSystemMonitor" name="test_start_and_stop_does_not_raise" file="tests\utils_tests\test_system_metrics.py" line="161" time="0.099" /><testcase classname="tests.utils_tests.test_system_metrics.TestSystemMonitor" name="test_stop_returns_system_metrics" file="tests\utils_tests\test_system_metrics.py" line="167" time="0.104" /><testcase classname="tests.utils_tests.test_system_metrics.TestSystemMonitor" name="test_metrics_duration_is_positive" file="tests\utils_tests\test_system_metrics.py" line="174" time="0.101" /><testcase classname="tests.utils_tests.test_system_metrics.TestSystemMonitor" name="test_stop_without_sleep_returns_system_metrics" file="tests\utils_tests\test_system_metrics.py" line="181" time="0.049" /><testcase classname="tests.utils_tests.test_system_metrics.TestSystemMonitor" name="test_adaptive_sampling_uses_short_interval_for_small_files" file="tests\utils_tests\test_system_metrics.py" line="188" time="0.008" /><testcase classname="tests.utils_tests.test_system_metrics.TestSystemMonitor" name="test_adaptive_sampling_uses_normal_interval_for_large_files" file="tests\utils_tests\test_system_metrics.py" line="193" time="0.011" /><testcase classname="tests.utils_tests.test_system_metrics.TestSystemMonitor" name="test_second_start_call_is_noop" file="tests\utils_tests\test_system_metrics.py" line="198" time="0.049" /><testcase classname="tests.utils_tests.test_system_metrics.TestScenarioMetrics" name="test_ram_per_mb" file="tests\utils_tests\test_system_metrics.py" line="244" time="0.002" /><testcase classname="tests.utils_tests.test_system_metrics.TestScenarioMetrics" name="test_ram_per_mb_returns_zero_for_zero_file_size" file="tests\utils_tests\test_system_metrics.py" line="248" time="0.001" /><testcase classname="tests.utils_tests.test_system_metrics.TestScenarioMetrics" name="test_cpu_efficiency" file="tests\utils_tests\test_system_metrics.py" line="252" time="0.002" /><testcase classname="tests.utils_tests.test_system_metrics.TestScenarioMetrics" name="test_cpu_efficiency_returns_zero_for_zero_file_size" file="tests\utils_tests\test_system_metrics.py" line="257" time="0.002" /><testcase classname="tests.utils_tests.test_system_metrics.TestScenarioAnalyzer" name="test_identifies_best_and_worst_by_compression_ratio" file="tests\utils_tests\test_system_metrics.py" line="292" time="0.004" /><testcase classname="tests.utils_tests.test_system_metrics.TestScenarioAnalyzer" name="test_returns_none_for_fewer_than_two_results" file="tests\utils_tests\test_system_metrics.py" line="303" time="0.002" /><testcase classname="tests.utils_tests.test_system_metrics.TestScenarioAnalyzer" name="test_returns_none_for_empty_results" file="tests\utils_tests\test_system_metrics.py" line="309" time="0.002" /><testcase classname="tests.utils_tests.test_system_metrics.TestScenarioAnalyzer" name="test_unknown_metric_returns_none" file="tests\utils_tests\test_system_metrics.py" line="313" time="0.003" /><testcase classname="tests.utils_tests.test_system_metrics.TestScenarioAnalyzer" name="test_ram_usage_metric_lower_is_better" file="tests\utils_tests\test_system_metrics.py" line="318" time="0.003" /><testcase classname="tests.utils_tests.test_system_metrics.TestScenarioAnalyzer" name="test_failed_results_are_excluded" file="tests\utils_tests\test_system_metrics.py" line="329" time="0.005" /><testcase classname="tests.utils_tests.test_upload_and_shutdown.TestUploadFilebin" name="test_http_200_returns_true" file="tests\utils_tests\test_upload_and_shutdown.py" line="58" time="0.010" /><testcase classname="tests.utils_tests.test_upload_and_shutdown.TestUploadFilebin" name="test_http_201_returns_true" file="tests\utils_tests\test_upload_and_shutdown.py" line="69" time="0.015" /><testcase classname="tests.utils_tests.test_upload_and_shutdown.TestUploadFilebin" name="test_http_error_returns_false" file="tests\utils_tests\test_upload_and_shutdown.py" line="79" time="0.010" /><testcase classname="tests.utils_tests.test_upload_and_shutdown.TestUploadFilebin" name="test_network_exception_returns_false" file="tests\utils_tests\test_upload_and_shutdown.py" line="90" time="0.010" /><testcase classname="tests.utils_tests.test_upload_and_shutdown.TestUploadFilebin" name="test_missing_requests_package_returns_false" file="tests\utils_tests\test_upload_and_shutdown.py" line="104" time="0.008" /><testcase classname="tests.utils_tests.test_upload_and_shutdown.TestUploadAndMaybeShutdown" name="test_uploads_every_file" file="tests\utils_tests\test_upload_and_shutdown.py" line="139" time="0.252" /><testcase classname="tests.utils_tests.test_upload_and_shutdown.TestUploadAndMaybeShutdown" name="test_shutdown_is_called_after_full_success" file="tests\utils_tests\test_upload_and_shutdown.py" line="152" time="0.163" /><testcase classname="tests.utils_tests.test_upload_and_shutdown.TestUploadAndMaybeShutdown" name="test_shutdown_is_not_called_after_upload_failure" file="tests\utils_tests\test_upload_and_shutdown.py" line="166" time="0.034" /><testcase classname="tests.utils_tests.test_upload_and_shutdown.TestUploadAndMaybeShutdown" name="test_shutdown_is_not_called_when_disabled" file="tests\utils_tests\test_upload_and_shutdown.py" line="181" time="0.149" /><testcase classname="tests.utils_tests.test_upload_and_shutdown.TestUploadAndMaybeShutdown" name="test_bin_url_appears_in_log" file="tests\utils_tests\test_upload_and_shutdown.py" line="195" time="0.134" /><testcase classname="tests.utils_tests.test_verification.TestVerificationResult" name="test_accuracy_100_percent_when_lossless" file="tests\utils_tests\test_verification.py" line="55" time="0.001" /><testcase classname="tests.utils_tests.test_verification.TestVerificationResult" name="test_accuracy_zero_when_all_pixels_differ" file="tests\utils_tests\test_verification.py" line="64" time="0.001" /><testcase classname="tests.utils_tests.test_verification.TestVerificationResult" name="test_accuracy_50_percent" file="tests\utils_tests\test_verification.py" line="73" time="0.002" /><testcase classname="tests.utils_tests.test_verification.TestVerificationResult" name="test_accuracy_zero_when_no_pixels" file="tests\utils_tests\test_verification.py" line="82" time="0.002" /><testcase classname="tests.utils_tests.test_verification.TestVerificationResult" name="test_identical_pixels" file="tests\utils_tests\test_verification.py" line="91" time="0.001" /><testcase classname="tests.utils_tests.test_verification.TestImageVerifierCompare" name="test_identical_images_are_lossless" file="tests\utils_tests\test_verification.py" line="106" time="0.009" /><testcase classname="tests.utils_tests.test_verification.TestImageVerifierCompare" name="test_different_images_not_lossless" file="tests\utils_tests\test_verification.py" line="115" time="0.003" /><testcase classname="tests.utils_tests.test_verification.TestImageVerifierCompare" name="test_single_pixel_difference" file="tests\utils_tests\test_verification.py" line="124" time="0.002" /><testcase classname="tests.utils_tests.test_verification.TestImageVerifierCompare" name="test_dimension_mismatch_returns_failure" file="tests\utils_tests\test_verification.py" line="137" time="0.002" /><testcase classname="tests.utils_tests.test_verification.TestImageVerifierCompare" name="test_grayscale_images" file="tests\utils_tests\test_verification.py" line="146" time="0.002" /><testcase classname="tests.utils_tests.test_verification.TestImageVerifierCompare" name="test_mode_conversion_before_compare" file="tests\utils_tests\test_verification.py" line="153" time="0.002" /><testcase classname="tests.utils_tests.test_verification.TestVerifyLossless" name="test_identical_png_files_lossless" file="tests\utils_tests\test_verification.py" line="166" time="0.014" /><testcase classname="tests.utils_tests.test_verification.TestVerifyLossless" name="test_different_png_files_not_lossless" file="tests\utils_tests\test_verification.py" line="175" time="0.014" /><testcase classname="tests.utils_tests.test_verification.TestVerifyLossless" name="test_missing_original_returns_error_result" file="tests\utils_tests\test_verification.py" line="189" time="0.015" /><testcase classname="tests.utils_tests.test_verification.TestVerifyLossless" name="test_unreadable_compressed_without_factory_returns_error" file="tests\utils_tests\test_verification.py" line="199" time="0.012" /><testcase classname="tests.utils_tests.test_verification.TestCreateDifferenceMap" name="test_identical_images_all_false" file="tests\utils_tests\test_verification.py" line="217" time="0.010" /><testcase classname="tests.utils_tests.test_verification.TestCreateDifferenceMap" name="test_completely_different_images_all_true" file="tests\utils_tests\test_verification.py" line="227" time="0.014" /><testcase classname="tests.utils_tests.test_verification.TestCreateDifferenceMap" name="test_single_pixel_diff" file="tests\utils_tests\test_verification.py" line="241" time="0.012" /><testcase classname="tests.utils_tests.test_verification.TestCreateDifferenceMap" name="test_missing_file_returns_none" file="tests\utils_tests\test_verification.py" line="257" time="0.013" /></testsuite></testsuites>